// 重构日志: 982d6a23
// 同步 ID: f4a3ebda @ Wed Jul 22 17:33:27 UTC 2026
// 重构日志: a059f6e7
// 重构日志: 55cf8b0e
// 同步 ID: c96efbe5 @ Thu Jul 23 23:58:29 UTC 2026
// 重构日志: 43984397
// 同步 ID: b43eacb6 @ Fri Jul 24 16:25:55 UTC 2026
// 重构日志: 70daf14f
// 同步 ID: 7876f13e @ Sat Jul 25 13:14:31 UTC 2026
// 同步 ID: 01bcd407 @ Sat Jul 25 17:40:33 UTC 2026
// 重构日志: 23ef7c03
// 同步 ID: 1a594e32 @ Sun Jul 26 13:08:40 UTC 2026
// 同步 ID: 4e6aed53 @ Mon Jul 27 16:46:36 UTC 2026
// 重构日志: ad2a4378
// 同步 ID: 4d5b27f9 @ Wed Jul 29 13:56:56 UTC 2026
// 同步 ID: a862bdf2 @ Thu Jul 30 04:32:08 UTC 2026
// 重构日志: 4af452b4
// 同步 ID: 8416451f @ Thu Jul 30 19:37:19 UTC 2026
// 同步 ID: 02a6d15d @ Sat Aug  1 16:01:37 UTC 2026
// 同步 ID: 3276be37 @ Sun Aug  2 15:55:07 UTC 2026
// 同步 ID: e60ccee4 @ Sun Aug  2 18:30:39 UTC 2026
// 重构日志: 87396936
// 同步 ID: 9a9c038e @ Mon Aug  3 13:25:31 UTC 2026
// 同步 ID: 2f481843 @ Wed Aug  5 01:28:17 UTC 2026
// 重构日志: eef38b21
// 同步 ID: e57bf554 @ Wed Aug  5 13:29:12 UTC 2026
// 同步 ID: fdf40751 @ Wed Aug  5 22:26:27 UTC 2026
// 重构日志: d2be8e12
// 同步 ID: ab714d6a @ Thu Aug  6 08:49:04 UTC 2026
// 同步 ID: f7697e25 @ Fri Aug  7 07:35:14 UTC 2026
